2026-10-06 19:08:25.150 INFO   Freerouting v2.5.0 (build-date: 2026-10-05)
2026-10-06 19:08:25.247 WARN   [startup] freerouting.json contains a stale 'logging.file.location' value: '/home/ubuntu/.local/state/freerouting/logs/freerouting.log'. The actual log file is being written to '/home/ubuntu/DAWNKEY_Final/PCB/e/freerouting.log' (as resolved at startup). The stale value will be corrected in freerouting.json on next save. If you see this in Docker, the old JSON was written by an earlier version that stored the host path; the fix is to delete freerouting.json so it is regenerated with the correct path.
2026-10-06 19:08:25.471 INFO   Hardware: 6 CPU cores, 340 CPU score, 3322 MB RAM
2026-10-06 19:08:25.472 WARN   Deprecated settings path '-mp / --router.max_passes'; use '--router.autorouter.max_passes' instead. The old path will be removed in a future release.
2026-10-06 19:08:25.473 WARN   Couldn't get screen resolution. If you are running in a headless environment, disable the GUI by setting gui.enabled to false.
2026-10-06 19:08:26.536 WARN   Deprecated settings path 'router.max_passes'; use 'router.autorouter.max_passes' instead. The old path will be removed in a future release.
2026-10-06 19:08:26.803 INFO   [7B3DE6\09B062] Loading board file 'DawnKey.dsn'...
2026-10-06 19:08:26.965 INFO   [7B3DE6\09B062] Job '7B3DE6\09B062' started at 2026-10-06T19:08:26.965312557Z.
2026-10-06 19:08:27.055 INFO   [7B3DE6\09B062] Pipeline thread limits: autorouter pass is single-threaded, optimizer.max_threads=5.
2026-10-06 19:08:27.100 INFO   [7B3DE6\09B062] Fanout stage started on board '6fea85f0a137bd6b074fa8662166a992' with 80 of 97 SMD pins needing fanout (0 already connected, 17 netless).
2026-10-06 19:08:28.859 INFO   [7B3DE6\09B062] Fanout pass #1 on board '4e6c48d8277bf71d46357cec2eabc0d8' completed in 1.72 seconds with 80 SMD pins fanouted, 0 not routed, 0 insert errors, +35 extra vias (0 SMD pins still to check in pass, ripup costs=100).
2026-10-06 19:08:29.067 INFO   [7B3DE6\09B062] Fanout pass #2 on board 'cd9c8de77550378f2061e11904abcbc7' completed in 0.19 seconds with 8 SMD pins fanouted, 0 not routed, 0 insert errors, +4 extra vias (0 SMD pins still to check in pass, ripup costs=200).
2026-10-06 19:08:29.183 INFO   [7B3DE6\09B062] Fanout pass #3 on board 'f685c9c98ce59b49f06f59386bc4d10a' completed in 0.10 seconds with 3 SMD pins fanouted, 0 not routed, 0 insert errors, +1 extra via (0 SMD pins still to check in pass, ripup costs=300).
2026-10-06 19:08:29.267 INFO   [7B3DE6\09B062] Fanout pass #4 on board 'd376ce32d3ba9866b952d8f09b439312' completed in 0.07 seconds with 2 SMD pins fanouted, 0 not routed, 0 insert errors, +0 extra vias (0 SMD pins still to check in pass, ripup costs=400).
2026-10-06 19:08:29.390 INFO   [7B3DE6\09B062] Fanout pass #5 on board 'e7814e2cd2cca3a5cc12f1e1ce43e88d' completed in 0.10 seconds with 2 SMD pins fanouted, 0 not routed, 0 insert errors, +0 extra vias (0 SMD pins still to check in pass, ripup costs=500).
2026-10-06 19:08:29.475 INFO   [7B3DE6\09B062] Fanout pass #6 on board 'a824e0eed3fb3f45f90d2f9b1963e9f0' completed in 0.07 seconds with 2 SMD pins fanouted, 0 not routed, 0 insert errors, +0 extra vias (0 SMD pins still to check in pass, ripup costs=600).
2026-10-06 19:08:29.553 INFO   [7B3DE6\09B062] Fanout pass #7 on board 'bdd430837fb8a6598dc0a46bc0ac8998' completed in 0.06 seconds with 2 SMD pins fanouted, 0 not routed, 0 insert errors, +0 extra vias (0 SMD pins still to check in pass, ripup costs=700).
2026-10-06 19:08:29.553 INFO   Fanout stopped after 7 passes: no progress for 3 consecutive passes.
2026-10-06 19:08:29.559 INFO   [7B3DE6\09B062] Fanout stage completed: started with 80 total SMD pins, completed in 2.44 seconds, escaped pins: 79/80 (98.8%), using 2.39 total CPU seconds, 0.77 GB total allocated, and 112.4 MB peak heap usage.
2026-10-06 19:08:29.592 INFO   [7B3DE6\09B062] Auto-routing stage started on board 'bdd430837fb8a6598dc0a46bc0ac8998' with baseline score 323.81 for 54 unrouted items.
2026-10-06 19:08:33.587 INFO   [7B3DE6\09B062] Auto-routing pass #1 on board 'bdd430837fb8a6598dc0a46bc0ac8998' was completed in 3.96 seconds with score 860.32 (11 unrouted and 0 violations), using 5.85 CPU seconds and the job allocated 2.57 GB of memory so far.
2026-10-06 19:08:34.516 INFO   [7B3DE6\09B062] Auto-routing pass #2 on board '382dcd33b354c09baeba655d08b565fe' was completed in 0.89 seconds with score 949.21 (4 unrouted and 0 violations), using 6.85 CPU seconds and the job allocated 3.09 GB of memory so far.
2026-10-06 19:08:35.259 INFO   [7B3DE6\09B062] Auto-routing pass #3 on board 'ecc38f68d14f082c75d1fc228f6746a6' was completed in 0.72 seconds with score 961.90 (3 unrouted and 0 violations), using 7.84 CPU seconds and the job allocated 3.67 GB of memory so far.
2026-10-06 19:08:35.808 INFO   [7B3DE6\09B062] Auto-routing pass #4 on board 'b9dc1873a212526abf526ceeb0ab2554' was completed in 0.52 seconds with score 987.30 (1 unrouted and 0 violations), using 7.84 CPU seconds and the job allocated 3.67 GB of memory so far.
2026-10-06 19:08:35.970 INFO   [7B3DE6\09B062] Auto-routing pass #5 on board 'e0b89528efc532cd6c103d4d380412eb' was completed in 0.13 seconds with score 1000.00 (0 unrouted and 0 violations), using 7.84 CPU seconds and the job allocated 3.67 GB of memory so far.
2026-10-06 19:08:36.018 INFO   [7B3DE6\09B062] Auto-routing pass #6 on board '255b7547775c9a608f02d38e9446032f' was completed in 0.02 seconds with score 1000.00 (0 unrouted and 0 violations), using 8.83 CPU seconds and the job allocated 4.21 GB of memory so far.
2026-10-06 19:08:36.088 INFO   [7B3DE6\09B062] Auto-routing stage completed: started with 93 unrouted nets, completed in 9.01 seconds, final score: 1000.00 (0 unrouted and 0 violations), using 8.83 total CPU seconds, 4.21 GB total allocated, and 181.1 MB peak heap usage.
2026-10-06 19:08:36.164 INFO   [7B3DE6\09B062] Optimization stage started on board '543432f652f3f06b62e2b43ff791a028'. Baseline router score: 1000.00, optimizer score: 538.82, incomplete connections: 0, clearance violations: 0.
2026-10-06 19:08:42.746 INFO   [7B3DE6\09B062] Optimizer pass #1 on board '8ce82cf0b0cd0f8842b95895ce080297' was completed in 6.48 seconds with the score of 545.03 (0 unrouted and 0 violations).
2026-10-06 19:08:42.769 INFO   [7B3DE6\09B062] Optimizer pass #1: optimizer score 538.82 -> 545.03 (IMPROVED, 1.1527%), router score: 1000.00, incomplete connections: 0, clearance violations: 0.
2026-10-06 19:08:42.769 INFO   [7B3DE6\09B062] Stopping optimizer because the improvement in this pass (1.1527%) is below the threshold (2.50%).
2026-10-06 19:08:42.800 INFO   [7B3DE6\09B062] Optimization stage completed:. Baseline router score: 1000.00, baseline optimizer score: 538.82, final router score: 1000.00, final optimizer score: 545.03, completed in 6.62 seconds, using 23.42 total CPU seconds, 10.45 GB total allocated, and 132.0 MB peak heap usage.
2026-10-06 19:08:42.812 INFO   [7B3DE6\09B062] Job '7B3DE6\09B062' finished with state: COMPLETED (elapsed: 15.85 seconds, finished at UTC: 2026-10-06T19:08:42.810775240Z).
2026-10-06 19:08:42.814 INFO   Saving output file '/home/ubuntu/DAWNKEY_Final/PCB/DawnKey.ses' (SES)...
2026-10-06 19:08:42.817 INFO   Successfully saved output file '/home/ubuntu/DAWNKEY_Final/PCB/DawnKey.ses' (36522 bytes).
