2026-10-06 19:09:16.068 INFO   Freerouting v2.5.0 (build-date: 2026-10-05)
2026-10-06 19:09:16.230 WARN   [startup] freerouting.json contains a stale 'logging.file.location' value: '/home/ubuntu/.local/state/freerouting/logs/freerouting.log'. The actual log file is being written to '/home/ubuntu/DAWNKEY_Final/PCB/e/freerouting.log' (as resolved at startup). The stale value will be corrected in freerouting.json on next save. If you see this in Docker, the old JSON was written by an earlier version that stored the host path; the fix is to delete freerouting.json so it is regenerated with the correct path.
2026-10-06 19:09:16.455 INFO   Hardware: 6 CPU cores, 336 CPU score, 3322 MB RAM
2026-10-06 19:09:16.456 WARN   Deprecated settings path '-mp / --router.max_passes'; use '--router.autorouter.max_passes' instead. The old path will be removed in a future release.
2026-10-06 19:09:16.457 WARN   Couldn't get screen resolution. If you are running in a headless environment, disable the GUI by setting gui.enabled to false.
2026-10-06 19:09:17.516 WARN   Deprecated settings path 'router.max_passes'; use 'router.autorouter.max_passes' instead. The old path will be removed in a future release.
2026-10-06 19:09:17.786 INFO   [D127AE\E501D4] Loading board file 'DawnKey_release_check.dsn'...
2026-10-06 19:09:18.010 INFO   [D127AE\E501D4] Job 'D127AE\E501D4' started at 2026-10-06T19:09:18.010207831Z.
2026-10-06 19:09:18.232 INFO   [D127AE\E501D4] Pipeline thread limits: autorouter pass is single-threaded, optimizer.max_threads=5.
2026-10-06 19:09:18.338 INFO   [D127AE\E501D4] Fanout stage started on board '32fbcf07b0e0396fce57b795a3e03db4' with 16 of 97 SMD pins needing fanout (64 already connected, 17 netless).
2026-10-06 19:09:18.711 INFO   [D127AE\E501D4] Fanout pass #1 on board '32fbcf07b0e0396fce57b795a3e03db4' completed in 0.30 seconds with 1 SMD pin fanouted, 0 not routed, 0 insert errors, +0 extra vias (0 SMD pins still to check in pass, ripup costs=100).
2026-10-06 19:09:18.742 INFO   [D127AE\E501D4] Fanout stage completed: started with 80 total SMD pins, completed in 0.37 seconds, escaped pins: 79/80 (98.8%), using 0.42 total CPU seconds, 0.11 GB total allocated, and 87.3 MB peak heap usage.
2026-10-06 19:09:18.826 INFO   [D127AE\E501D4] Auto-routing stage started on board '32fbcf07b0e0396fce57b795a3e03db4' with baseline score 936.51 for 5 unrouted items.
2026-10-06 19:09:19.291 INFO   [D127AE\E501D4] Auto-routing pass #1 on board '32fbcf07b0e0396fce57b795a3e03db4' was completed in 0.40 seconds with score 936.51 (5 unrouted and 0 violations), using 0.85 CPU seconds and the job allocated 0.21 GB of memory so far.
2026-10-06 19:09:19.579 INFO   [D127AE\E501D4] Auto-routing pass #2 on board '32fbcf07b0e0396fce57b795a3e03db4' was completed in 0.27 seconds with score 936.51 (5 unrouted and 0 violations), using 0.85 CPU seconds and the job allocated 0.21 GB of memory so far.
2026-10-06 19:09:19.823 INFO   [D127AE\E501D4] Auto-routing pass #3 on board '32fbcf07b0e0396fce57b795a3e03db4' was completed in 0.23 seconds with score 936.51 (5 unrouted and 0 violations), using 0.85 CPU seconds and the job allocated 0.21 GB of memory so far.
2026-10-06 19:09:20.094 INFO   [D127AE\E501D4] Auto-routing pass #4 on board '32fbcf07b0e0396fce57b795a3e03db4' was completed in 0.25 seconds with score 936.51 (5 unrouted and 0 violations), using 1.82 CPU seconds and the job allocated 0.62 GB of memory so far.
2026-10-06 19:09:20.345 INFO   [D127AE\E501D4] Auto-routing pass #5 on board '32fbcf07b0e0396fce57b795a3e03db4' was completed in 0.23 seconds with score 936.51 (5 unrouted and 0 violations), using 1.82 CPU seconds and the job allocated 0.62 GB of memory so far.
2026-10-06 19:09:20.417 INFO   [D127AE\E501D4] Auto-routing stage completed: started with 5 unrouted nets, completed in 2.16 seconds, final score: 936.51 (5 unrouted and 0 violations), using 1.82 total CPU seconds, 0.62 GB total allocated, and 28.0 MB peak heap usage.
2026-10-06 19:09:20.447 INFO   [D127AE\E501D4] Skipping optimization stage: the board has 5 unrouted connection(s) (optimizer only runs on completely routed boards).
2026-10-06 19:09:20.482 INFO   [D127AE\E501D4] Job 'D127AE\E501D4' finished with state: COMPLETED (elapsed: 2.47 seconds, finished at UTC: 2026-10-06T19:09:20.480825953Z).
2026-10-06 19:09:20.496 INFO   Saving output file '/tmp/DawnKey_release_check.ses' (SES)...
2026-10-06 19:09:20.499 INFO   Successfully saved output file '/tmp/DawnKey_release_check.ses' (65759 bytes).
